Read 26569 rows from wide CSV

=== Coverage per snapshot ===
  2000: 15857 tracts, total under18 = 18,999,518
  2005: 15857 tracts, total under18 = 20,045,282
  2010: 18000 tracts, total under18 = 19,637,113
  2015: 17999 tracts, total under18 = 19,621,467
  2020: 20776 tracts, total under18 = 19,301,661
  2024: 20762 tracts, total under18 = 19,495,995

=== Per-CBSA totals ===
  12060 (Atlanta): 2000=1,136,365, 2005=1,429,353, 2010=1,403,163, 2015=1,414,292, 2020=1,437,333, 2024=1,473,173
  16980 (Chicago): 2000=2,406,843, 2005=2,403,998, 2010=2,334,981, 2015=2,278,868, 2020=2,092,095, 2024=2,088,715
  19100 (Dallas): 2000=1,449,348, 2005=1,722,737, 2010=1,772,677, 2015=1,810,746, 2020=1,928,976, 2024=1,977,857
  26420 (Houston): 2000=1,367,993, 2005=1,601,392, 2010=1,662,290, 2015=1,706,798, 2020=1,842,888, 2024=1,898,982
  31080 (Los Angeles): 2000=3,436,395, 2005=3,308,331, 2010=3,138,867, 2015=3,077,250, 2020=2,721,549, 2024=2,732,369
  33100 (Miami): 2000=1,182,600, 2005=1,260,576, 2010=1,205,961, 2015=1,218,560, 2020=1,205,051, 2024=1,232,239
  35620 (New York): 2000=4,502,252, 2005=4,457,477, 2010=4,298,142, 2015=4,279,179, 2020=4,190,657, 2024=4,194,006
  37980 (Philadelphia): 2000=1,443,301, 2005=1,418,110, 2010=1,390,882, 2015=1,368,598, 2020=1,324,580, 2024=1,342,514
  38060 (Phoenix): 2000=873,084, 2005=1,133,482, 2010=1,107,561, 2015=1,111,187, 2020=1,137,806, 2024=1,123,273
  47900 (Washington): 2000=1,201,337, 2005=1,309,826, 2010=1,322,589, 2015=1,355,989, 2020=1,420,726, 2024=1,432,867

Updated wide CSV (added gisjoin): /Users/azizsunderji/Dropbox/Home Economics/2026_05_18_KidsLeavingCity/data/tract_under18_metro10_snapshots.csv
Wrote per-metro summary: /Users/azizsunderji/Dropbox/Home Economics/2026_05_18_KidsLeavingCity/data/tract_under18_metro10_metro_summary.csv
