  1112: processed.
  1213: processed.
  1314: processed.
  1415: processed.
  1516: processed.
  1617: processed.
  1718: processed.
  1819: processed.
  1920: processed.
  2021: processed.
  2122: processed.
  2223: processed.

Wrote 144 rows → data/irs_inner_outer_flows.csv

Net inner→outer EXEMPTIONS by year (positive = more leaving than arriving):
           Atlanta  Austin  Charlotte  Chicago  Dallas  Houston  Los Angeles  Miami  New York  Philadelphia  Phoenix  Washington
year_pair                                                                                                                       
1112          7093    5499       4768    12885   12443    14552         6783  13612     27548          7937    -1997        7017
1213         11705    7223       7126    18477   17433    17076         5722  16310     36537          8917      421        8832
1314         14070    8710       8362    18689   16829    20307         6597  11416     36662          8007     1566        9138
1415          8964    6894       5529    13069   12234    14426         4827   8130     26922          5826     1060        3441
1516         15990   12377      11041    25570   25635    29512         7932  13467     47749         10709     2677        9991
1617         21074   18847      18942    42898   45106    45411        11564  20670     80673         19820     5189       19890
1718         15543   12716      13069    26455   35836    28703         9463  14637     61615         13119     4300       11300
1819         14108   11878      12723    24044   36377    28465        10128  13114     58865         13111     4649       11095
1920         19877   17233      15585    36118   48485    40173        13335  15257     92636         18742     8222       18275
2021         22133   19639      16200    41445   50367    42457        15127  15683     99091         23294     8950       18402
2122         19881   18310      14727    37703   44423    34440        10190  14436     81620         20887     9088       14146
2223         16442   16903      12725    26054   39930    31547         7468  14089     63658         16125     8998       10785
